0 8 1/2
1 Breathless
2 Jason and the Argonauts
3 The General
4 Anatomy of a Fall
5 Star Wars
6 A Clockwork Orange
7 The Passion of Joan of Arc
8 Kiss Me Deadly
9 Days of Heaven
10 The Grand Budapest Hotel
11 Reservoir Dogs
12 The Searchers
13 Don't Look Now
14 Modern Times
15 Brief Encounter
16 The Rules of the Game
17 Onibaba
18 The 400 Blows
19 The Red Shoes
20 Blue Velvet
21 Sullivan's Travels
22 Elevator to the Gallows
23 Do the Right Thing
24 The Great Train Robbery
25 Peeping Tom
26 Rear Window
27 Vertigo
28 The Shawshank Redemption
29 Gravity
30 Mulholland Drive
31 The Night of the Hunter
32 Blade Runner
33 Central Station
34 The Blue Angel
35 Annie Hall
36 Meshes of the Afternoon
37 Moonlight
38 Some Like It Hot
39 Oldboy
40 Lawrence of Arabia
41 Nashville
42 Tár
sheet 0
sheet 1
sheet 2
