no match   Flying buttress of Reims Cathedral, as drawn 
no match   Groin vaults in the cloister of Tournus Abbe 
candidate  Doric order                                  Drawing, Elevation of a Portico of Doric Order, 17
candidate  Exterior of the rose at Strasbourg Cathedral Strasbourg - Rose Window Cathedral.jpg
candidate  Art Nouveau                                  Corning Museum of Glass - 20220412 - 29 - Various 
candidate  Donato Bramante                              Milan pinacothèque Bramante le Christ à la colonna
candidate  Villa La Rotonda, Vicenza                    07-Villa-Rotonda-Palladio.jpg
candidate  Charles Rennie Mackintosh                    Charles Rennie Mackintosh chair – 1964 - geograph.
no match   Gropius in 1918, with his wife Alma Mahler a 
no match   Kimbell Art Museum (1966–1972), Fort Worth   
candidate  Philip Johnson                               Roofless Church by Philip Johnson in New Harmony, 
candidate  Frank Gehry                                  Frank Gehry 2006 crop.jpg
candidate  Sydney Opera House                           Sydney Opera House - Dec 2008.jpg
candidate  Bagsværd Church, near Copenhagen             Hans chr. hansen, architect- ringbo nursing home, 
candidate  Thomas Jefferson                             Jefferson Memorial Washington April 2017 002.jpg
candidate  Monticello, Jefferson's Virginia estate      Thomas Jefferson's Monticello Estate.jpg
candidate  The Rotunda, University of Virginia          The Rotunda and Lawn University of Virginia Charlo
candidate  William Van Alen                             (View) Residences of Alfred S. Becker, Hon. J.L. L
candidate  El Castillo, Chichen Itza                    Chichen Itza 3.jpg
candidate  Santa Cecilia Acatitlan pyramid              Santa Cecilia Acatitlan.jpg
candidate  Edzna                                        Edzna Palace View.jpg
no match   View of the ancient theatre at Epidaurus, co 
candidate  The Theatre of Dionysus                      Statue Menander Dionysus Theatre Athens Greece.jpg
candidate  Digital reconstruction of the 2nd century BC BasilicaSemproniaReconstruction.jpg
candidate  19th century reconstruction of the 2nd centu Basilica Ulpia J Guadet 1867.jpg
no match   Ruins of Yererouk basilica 4th–5th century A 
no match   The White Tower, the keep of the Tower of Lo 
no match   Windsor Castle in England was founded as a f 
no match   The medieval Vidin Castle built in the 9th c 
no match   By some measures, what came to be known as a 
no match   Built in 1864, Oriel Chambers in Liverpool i 
no match   At its completion in 1928, Palacio Salvo in  
no match   Detail of Georg Hoefnagel's 1568 watercolour 
candidate  Rokumeikan in 1883–1900                      Tokyo-Rokumeikan-zenmen-no-kei-1883-1900.png
candidate  Strasbourg, sculptures on the timber framing 0 Strasbourg - sculptures sur maison à colombages.
no match   Seku Amadu's mosque from the southwest as it 
no match   New, unlaid mudbricks in the Jordan Valley,  
candidate  Adobe wall (detail) in Bahillo, Palencia, Sp Adobe wall (detail) 3.jpg
no match   The novel shape of the Philips Pavilion buil 
no match   François Coignet House at 72 rue Charles-Mic 
no match   House built by Coignet for his factory worke 
no match   Solomon Guggenheim Museum completed in 1959, 
candidate  Eugène Delacroix's Liberty Leading the Peopl Eugène Delacroix - La liberté guidant le peuple.jp
candidate  The Crystal Palace at Sydenham (1854).       Crystal Palace South transept & south tower from W
candidate  Södra Ängby, 1938                            Sodra angby 1938.jpg
no match   The Mosque of the Prophet, standing on the s 
no match   The Umayyad-era Mshatta Facade, from a palac 
candidate  Great Mosque of Damascus (early 8th century) The Umayyad Mosque, the Great Mosque of Damascus, 
candidate  Architecture of a Hindu temple (Nagara style Architecture of a Vishnu temple, Nagara style with
candidate  Pattadakal Hindu monuments, 7th-8th century. 8th century Mallikarjuna temple, Pattadakal monume
no match   Kailasanatha temple, remarkably carved out o 
no match   The Great Temple of Abu Simbel (c. 1280 BCE) 
candidate  The Kailasa temple, part of the Ellora Caves Courtyard and Mahabharata Reliefs at the Kailasa T
no match   The 57-foot (17 m) tall monolithic Gommatesh 
no match   Tony Smith, Free Ride, 1962, 6'8 x 6'8 x 6'8 
candidate  Donald Judd's Untitled                       Donald Judd Untitled Adelaide Art Gallery MRD 01.j
candidate  Saint Peter's Square                         St Peter's Square, Vatican City - April 2007.jpg
candidate  Step Pyramid of Djoser                       Pyramid of Djoser 2010.jpg
