no match   Autumn Rhythm (Number 30)                    
no match   Crown                                        
no match   Cow's Skull: Red, White, and Blue            
no match   Braids                                       
no match   Figure with Meat                             
no match   For the Love of God                          
candidate  The Distance                                 Colorado River and village below Parker Dam in dis
candidate  Self-Portrait                                Gian Lorenzo Bernini, self-portrait, c1623.jpg
no match   Sleeping Muse II                             
no match   Soft Construction with Boiled Beans          
no match   Harlequin's Carnival                         
candidate  Chicago                                      Model of 'Miss Chicago' or 'The Sun, the Moon and 
no match   Death and Fire                               
no match   Look, Mickey!                                
candidate  Composition VII: The Three Graces            The Three Graces, by Peter Paul Rubens, from Prado
no match   Loving Love                                  
no match   Cell                                         
no match   1957-D No. 1                                 
no match   The Warriors                                 
no match   The Legend of John Brown                     
no match   Black, White, and Gray                       
no match   The Nine Malic Moulds                        
candidate  Las Meninas                                  Las Meninas, by Diego Velázquez, from Prado in Goo
no match   Peinture                                     
no match   Picking Apples                               
candidate  De Stijl                                     Stijl vol 03 nr 05 plate VII buffetkast.jpg
no match   Conceptual art                               
no match   Orphism                                      
no match   Sonia Delaunay, Electric Prisms , 1914       
no match   Detail of Raphael's La Fornarina , 1518–19   
no match   Pointillism                                  
no match   Kurt Schwitters, Untitled (Chessman) , 1941  
no match   Juan Gris, Breakfast , 1914                  
no match   Jean-Pierre Norblin de La Gourdaine, Ecce Ho 
no match   Ronnie Landfield, Rite of Spring , 1985      
no match   Giorgio Vasari helped found the Accademia e  
no match   Carlo Maratti, The Academy of Drawing, c. 17 
no match   Georges Braque, 1907–08, The Viaduct at L'Es 
no match   Fernand Léger, Nudes in the forest (Nus dans 
no match   Pablo Picasso, 1910, Girl with a Mandolin (F 
no match   Synagogue de la rue Pavée à Paris (1913)     
no match   Heracles and Athena, black-figure side of a  
no match   The Hellenistic Pergamon Altar: l to r Nereu 
candidate  Hades abducting Persephone, 4th-century BC w Painting vergina.jpg
no match   Johannes Vermeer, The Milkmaid (1658–1661)   
no match   Frans Hals' tronie, with the later title Gyp 
no match   The Blinding of Samson, 1636, which Rembrand 
candidate  14th Century International Gothic Mary Magda Torun SS Johns Mary Magdalene.jpg
no match   The Lady and the Unicorn, the title given to 
candidate  Simone Martini (1285–1344)                   0581Ha. Simone Martini. Madonna from the Annunciat
candidate  Scene from the Alexander Sarcophagus         Istanbul Archaeological Museum Alexander Sarcophag
no match   An installation art of a crab created with w 
no match   Visitors interact with a couple in bed, insi 
no match   Allan McCollum.The Shapes Project, 2005/06   
no match   Solomon Guggenheim Museum completed in 1959, 
candidate  Eugène Delacroix's Liberty Leading the Peopl Eugène Delacroix - La liberté guidant le peuple.jp
candidate  The Crystal Palace at Sydenham (1854).       Crystal Palace South transept & south tower from W
no match   Conceptual work by Yves Klein at Rue Gentil- 
no match   Helen Moller dance performance. Photo by Arn 
no match   Revived Cabaret Voltaire on the Spiegelgasse 
no match   The painted crypt of San Isidoro at León, Sp 
no match   The "Morgan Leaf", detached from the Winches 
no match   Master of Pedret, The Virgin and Child in Ma 
no match   Pablo Picasso, 1913–14, Head (Tête), cut and 
no match   Pablo Picasso, 1910, Girl with a Mandolin (F 
no match   The Arab Saint Arethas depicted in tradition 
no match   Frescoes in Nerezi near Skopje (1164), with  
no match   The Idle Servant; housemaid troubles were th 
candidate  Peasant Dance, c. 1568, oil on wood, by Piet Pieter Bruegel d. Ä. 014.jpg
no match   Merry Company, by Dirck Hals                 
no match   Diana and Actaeon, Titian, 1556–1559, a clas 
no match   Judas Returning the Thirty Silver Pieces by  
no match   Jacques-Louis David's Oath of the Horatii, 1 
no match   Leonardo da Vinci's Vitruvian Man (c. 1490)  
no match   Medieval and Renaissance Italian writers por 
candidate  Avant-garde                                  Eti Brener Avant Garde Fashion.jpg
no match   Avant-garde cinema, The Love of Zero (1927), 
no match   Political revolution has influenced both the 
no match   In "The Work of Art in the Age of Mechanical 
